EVA2_5_ALGEBRA_RELACIONAL
MySQL Shell 8.0.31

Copyright (c) 2016, 2022, Oracle and/or its affiliates.
Oracle is a registered trademark of Oracle Corporation and/or its affiliates.
Other names may be trademarks of their respective owners.

Type '\help' or '\?' for help; '\quit' to exit.
 MySQL  JS > \connect --mc root@localhost:3308
Creating a Classic session to 'root@localhost:3308'
Please provide the password for 'root@localhost:3308': ****
Save password for 'root@localhost:3308'? [Y]es/[N]o/Ne[v]er (default No): n
Fetching schema names for auto-completion... Press ^C to stop.
Your MySQL connection id is 8
Server version: 8.0.31 MySQL Community Server - GPL
No default schema selected; type \use <schema> to set one.
 MySQL  localhost:3308 ssl  JS > \sql
Switching to SQL mode... Commands end with ;
Fetching global names for auto-completion... Press ^C to stop.
 MySQL  localhost:3308 ssl  SQL > \use eva_2
Default schema set to `eva_2`.
Fetching global names, object names from `eva_2` for auto-completion... Press ^C to stop.
 MySQL  localhost:3308 ssl  eva_2  SQL > show tables;
+-----------------+
| Tables_in_eva_2 |
+-----------------+
| contacts        |
| detalle         |
| detalle_factura |
| factura         |
| maestro         |
| phones          |
+-----------------+
6 rows in set (0.0122 sec)
 MySQL  localhost:3308 ssl  eva_2  SQL > create tableA(id int, nombre varchar(10));
ERROR: 1064 (42000): You have an error in your SQL syntax; check the manual that corresponds to your MySQL server version for the right syntax to use near 'tableA(id int, nombre varchar(10))' at line 1
 MySQL  localhost:3308 ssl  eva_2  SQL > create table tablaA(id int, nombre varchar(10));
Query OK, 0 rows affected (0.0293 sec)
 MySQL  localhost:3308 ssl  eva_2  SQL > create table tableB like tableA;
ERROR: 1146 (42S02): Table 'eva_2.tablea' doesn't exist
 MySQL  localhost:3308 ssl  eva_2  SQL > create table tablaB like tablaA;
Query OK, 0 rows affected (0.0327 sec)
 MySQL  localhost:3308 ssl  eva_2  SQL > show tables;
+-----------------+
| Tables_in_eva_2 |
+-----------------+
| contacts        |
| detalle         |
| detalle_factura |
| factura         |
| maestro         |
| phones          |
| tablaa          |
| tablab          |
+-----------------+
8 rows in set (0.0028 sec)
 MySQL  localhost:3308 ssl  eva_2  SQL > desc tablaa;
+--------+-------------+------+-----+---------+-------+
| Field  | Type        | Null | Key | Default | Extra |
+--------+-------------+------+-----+---------+-------+
| id     | int         | YES  |     | NULL    |       |
| nombre | varchar(10) | YES  |     | NULL    |       |
+--------+-------------+------+-----+---------+-------+
2 rows in set (0.0025 sec)
 MySQL  localhost:3308 ssl  eva_2  SQL > desc tablab;
+--------+-------------+------+-----+---------+-------+
| Field  | Type        | Null | Key | Default | Extra |
+--------+-------------+------+-----+---------+-------+
| id     | int         | YES  |     | NULL    |       |
| nombre | varchar(10) | YES  |     | NULL    |       |
+--------+-------------+------+-----+---------+-------+
2 rows in set (0.0034 sec)
 MySQL  localhost:3308 ssl  eva_2  SQL > insert into tablaA(id, nombre)
                                      -> values(1,A);
ERROR: 1054 (42S22): Unknown column 'A' in 'field list'
 MySQL  localhost:3308 ssl  eva_2  SQL > insert into tablaA(id, nombre) values(1,'A');
Query OK, 1 row affected (0.0139 sec)
 MySQL  localhost:3308 ssl  eva_2  SQL > insert into tablaA(id, nombre) values(2,'B');
Query OK, 1 row affected (0.0125 sec)
 MySQL  localhost:3308 ssl  eva_2  SQL > insert into tablaA(id, nombre) values(3,'C');
Query OK, 1 row affected (0.0125 sec)
 MySQL  localhost:3308 ssl  eva_2  SQL > insert into tablaA(id, nombre) values(4,'D');
Query OK, 1 row affected (0.0125 sec)
 MySQL  localhost:3308 ssl  eva_2  SQL > insert into tablaB(id, nombre) values(1,'X');
Query OK, 1 row affected (0.0408 sec)
 MySQL  localhost:3308 ssl  eva_2  SQL > insert into tablaB(id, nombre) values(2,'Y');
Query OK, 1 row affected (0.0125 sec)
 MySQL  localhost:3308 ssl  eva_2  SQL > insert into tablaB(id, nombre) values(3,'Z');
Query OK, 1 row affected (0.0124 sec)
 MySQL  localhost:3308 ssl  eva_2  SQL > insert into tablaB(id, nombre) values(4,'A');
Query OK, 1 row affected (0.0129 sec)
 MySQL  localhost:3308 ssl  eva_2  SQL > insert into tablaB(id, nombre) values(5,'B');
Query OK, 1 row affected (0.0122 sec)
 MySQL  localhost:3308 ssl  eva_2  SQL > select * from tablaa;
+----+--------+
| id | nombre |
+----+--------+
|  1 | A      |
|  2 | B      |
|  3 | C      |
|  4 | D      |
+----+--------+
4 rows in set (0.0009 sec)
 MySQL  localhost:3308 ssl  eva_2  SQL > select * from tablab;
+----+--------+
| id | nombre |
+----+--------+
|  1 | X      |
|  2 | Y      |
|  3 | Z      |
|  4 | A      |
|  5 | B      |
+----+--------+
5 rows in set (0.0009 sec)
 MySQL  localhost:3308 ssl  eva_2  SQL > select * from tablaa, tablab;
+----+--------+----+--------+
| id | nombre | id | nombre |
+----+--------+----+--------+
|  4 | D      |  1 | X      |
|  3 | C      |  1 | X      |
|  2 | B      |  1 | X      |
|  1 | A      |  1 | X      |
|  4 | D      |  2 | Y      |
|  3 | C      |  2 | Y      |
|  2 | B      |  2 | Y      |
|  1 | A      |  2 | Y      |
|  4 | D      |  3 | Z      |
|  3 | C      |  3 | Z      |
|  2 | B      |  3 | Z      |
|  1 | A      |  3 | Z      |
|  4 | D      |  4 | A      |
|  3 | C      |  4 | A      |
|  2 | B      |  4 | A      |
|  1 | A      |  4 | A      |
|  4 | D      |  5 | B      |
|  3 | C      |  5 | B      |
|  2 | B      |  5 | B      |
|  1 | A      |  5 | B      |
+----+--------+----+--------+
20 rows in set (0.0011 sec)
 MySQL  localhost:3308 ssl  eva_2  SQL > select * from tablaa, tablab order by nombre;
ERROR: 1052 (23000): Column 'nombre' in order clause is ambiguous
 MySQL  localhost:3308 ssl  eva_2  SQL > select * from tablaa, tablab order by tablaa.nombre;
+----+--------+----+--------+
| id | nombre | id | nombre |
+----+--------+----+--------+
|  1 | A      |  1 | X      |
|  1 | A      |  2 | Y      |
|  1 | A      |  3 | Z      |
|  1 | A      |  4 | A      |
|  1 | A      |  5 | B      |
|  2 | B      |  1 | X      |
|  2 | B      |  2 | Y      |
|  2 | B      |  3 | Z      |
|  2 | B      |  4 | A      |
|  2 | B      |  5 | B      |
|  3 | C      |  1 | X      |
|  3 | C      |  2 | Y      |
|  3 | C      |  3 | Z      |
|  3 | C      |  4 | A      |
|  3 | C      |  5 | B      |
|  4 | D      |  1 | X      |
|  4 | D      |  2 | Y      |
|  4 | D      |  3 | Z      |
|  4 | D      |  4 | A      |
|  4 | D      |  5 | B      |
+----+--------+----+--------+
20 rows in set (0.0373 sec)
 MySQL  localhost:3308 ssl  eva_2  SQL > select tablaa.nombre, tablab.nombre
                                      -> from tablaa, tablab
                                      -> order by tablaa.nombre;
+--------+--------+
| nombre | nombre |
+--------+--------+
| A      | X      |
| A      | Y      |
| A      | Z      |
| A      | A      |
| A      | B      |
| B      | X      |
| B      | Y      |
| B      | Z      |
| B      | A      |
| B      | B      |
| C      | X      |
| C      | Y      |
| C      | Z      |
| C      | A      |
| C      | B      |
| D      | X      |
| D      | Y      |
| D      | Z      |
| D      | A      |
| D      | B      |
+--------+--------+
20 rows in set (0.0010 sec)
 MySQL  localhost:3308 ssl  eva_2  SQL > select a.nombre, b.nombre
                                      -> from tablaa a, tablab b
                                      -> order by a.nombre;
+--------+--------+
| nombre | nombre |
+--------+--------+
| A      | X      |
| A      | Y      |
| A      | Z      |
| A      | A      |
| A      | B      |
| B      | X      |
| B      | Y      |
| B      | Z      |
| B      | A      |
| B      | B      |
| C      | X      |
| C      | Y      |
| C      | Z      |
| C      | A      |
| C      | B      |
| D      | X      |
| D      | Y      |
| D      | Z      |
| D      | A      |
| D      | B      |
+--------+--------+
20 rows in set (0.0013 sec)
 MySQL  localhost:3308 ssl  eva_2  SQL > select * from tablaa;
+----+--------+
| id | nombre |
+----+--------+
|  1 | A      |
|  2 | B      |
|  3 | C      |
|  4 | D      |
+----+--------+
4 rows in set (0.0010 sec)
 MySQL  localhost:3308 ssl  eva_2  SQL > select * from tablab;
+----+--------+
| id | nombre |
+----+--------+
|  1 | X      |
|  2 | Y      |
|  3 | Z      |
|  4 | A      |
|  5 | B      |
+----+--------+
5 rows in set (0.0006 sec)
 MySQL  localhost:3308 ssl  eva_2  SQL > select * from tablaa
                                      -> union
                                      -> select * from tablab;
+----+--------+
| id | nombre |
+----+--------+
|  1 | A      |
|  2 | B      |
|  3 | C      |
|  4 | D      |
|  1 | X      |
|  2 | Y      |
|  3 | Z      |
|  4 | A      |
|  5 | B      |
+----+--------+
9 rows in set (0.0013 sec)
 MySQL  localhost:3308 ssl  eva_2  SQL > \use sakilla
MySQL Error 1049: Unknown database 'sakilla'
 MySQL  localhost:3308 ssl  eva_2  SQL > \use sakila
Default schema set to `sakila`.
Fetching global names, object names from `sakila` for auto-completion... Press ^C to stop.
 MySQL  localhost:3308 ssl  sakila  SQL > show tables;
+----------------------------+
| Tables_in_sakila           |
+----------------------------+
| actor                      |
| actor_info                 |
| address                    |
| category                   |
| city                       |
| country                    |
| customer                   |
| customer_list              |
| film                       |
| film_actor                 |
| film_category              |
| film_list                  |
| film_text                  |
| inventory                  |
| language                   |
| nicer_but_slower_film_list |
| payment                    |
| rental                     |
| sales_by_film_category     |
| sales_by_store             |
| staff                      |
| staff_list                 |
| store                      |
+----------------------------+
23 rows in set (0.0029 sec)
 MySQL  localhost:3308 ssl  sakila  SQL > desc customers;
ERROR: 1146 (42S02): Table 'sakila.customers' doesn't exist
 MySQL  localhost:3308 ssl  sakila  SQL > desc customer;
+-------------+-------------------+------+-----+-------------------+-----------------------------------------------+
| Field       | Type              | Null | Key | Default           | Extra                                         |
+-------------+-------------------+------+-----+-------------------+-----------------------------------------------+
| customer_id | smallint unsigned | NO   | PRI | NULL              | auto_increment                                |
| store_id    | tinyint unsigned  | NO   | MUL | NULL              |                                               |
| first_name  | varchar(45)       | NO   |     | NULL              |                                               |
| last_name   | varchar(45)       | NO   | MUL | NULL              |                                               |
| email       | varchar(50)       | YES  |     | NULL              |                                               |
| address_id  | smallint unsigned | NO   | MUL | NULL              |                                               |
| active      | tinyint(1)        | NO   |     | 1                 |                                               |
| create_date | datetime          | NO   |     | NULL              |                                               |
| last_update | timestamp         | YES  |     | CURRENT_TIMESTAMP | DEFAULT_GENERATED on update CURRENT_TIMESTAMP |
+-------------+-------------------+------+-----+-------------------+-----------------------------------------------+
9 rows in set (0.0043 sec)
 MySQL  localhost:3308 ssl  sakila  SQL > desc actor;
+-------------+-------------------+------+-----+-------------------+-----------------------------------------------+
| Field       | Type              | Null | Key | Default           | Extra                                         |
+-------------+-------------------+------+-----+-------------------+-----------------------------------------------+
| actor_id    | smallint unsigned | NO   | PRI | NULL              | auto_increment                                |
| first_name  | varchar(45)       | NO   |     | NULL              |                                               |
| last_name   | varchar(45)       | NO   | MUL | NULL              |                                               |
| last_update | timestamp         | NO   |     | CURRENT_TIMESTAMP | DEFAULT_GENERATED on update CURRENT_TIMESTAMP |
+-------------+-------------------+------+-----+-------------------+-----------------------------------------------+
4 rows in set (0.0032 sec)
 MySQL  localhost:3308 ssl  sakila  SQL > select distinct(last_name) from customer;
+--------------+
| last_name    |
+--------------+
| ABNEY        |
| ADAM         |
| ADAMS        |
| ALEXANDER    |
| ALLARD       |
| ALLEN        |
| ALVAREZ      |
| ANDERSON     |
| ANDREW       |
| ANDREWS      |
| AQUINO       |
| ARCE         |
| ARCHULETA    |
| ARMSTRONG    |
| ARNOLD       |
| ARSENAULT    |
| ARTIS        |
| ASHCRAFT     |
| ASHER        |
| AUSTIN       |
| BAILEY       |
| BAKER        |
| BALES        |
| BANDA        |
| BANKS        |
| BARBEE       |
| BARCLAY      |
| BARFIELD     |
| BARKLEY      |
| BARNES       |
| BARNETT      |
| BARRETT      |
| BATES        |
| BAUGH        |
| BAUGHMAN     |
| BELL         |
| BENNER       |
| BENNETT      |
| BERRY        |
| BESS         |
| BETANCOURT   |
| BILLINGSLEY  |
| BISHOP       |
| BLACK        |
| BLAKELY      |
| BOLIN        |
| BONE         |
| BOSTIC       |
| BOUDREAU     |
| BOURQUE      |
| BOWENS       |
| BOWMAN       |
| BOX          |
| BOYD         |
| BRADLEY      |
| BREAUX       |
| BREWER       |
| BRINSON      |
| BROOKS       |
| BROTHERS     |
| BROWN        |
| BROWNLEE     |
| BRYANT       |
| BUFORD       |
| BULL         |
| BUNN         |
| BURK         |
| BURKE        |
| BURLESON     |
| BURNS        |
| BURTON       |
| BUSTAMANTE   |
| BUTLER       |
| BUTTERFIELD  |
| BYRD         |
| CABRAL       |
| CALDWELL     |
| CAMPBELL     |
| CARBONE      |
| CARLSON      |
| CARPENTER    |
| CARR         |
| CARRANZA     |
| CARROLL      |
| CARTER       |
| CARY         |
| CASILLAS     |
| CASTILLO     |
| CASTRO       |
| CAUSEY       |
| CHAMBERS     |
| CHAPA        |
| CHAPMAN      |
| CHAVEZ       |
| CHEATHAM     |
| CHESTNUT     |
| CHISHOLM     |
| CHOATE       |
| CHRISTENSON  |
| CHURCHILL    |
| CINTRON      |
| CLARK        |
| CLARY        |
| COLBY        |
| COLE         |
| COLEMAN      |
| COLLAZO      |
| COLLINS      |
| COOK         |
| COOPER       |
| CORNISH      |
| CORNWELL     |
| COUGHLIN     |
| COX          |
| COY          |
| CRAIG        |
| CRAWFORD     |
| CRAWLEY      |
| CROMWELL     |
| CROUSE       |
| CRUZ         |
| CULP         |
| CULPEPPER    |
| CUNNINGHAM   |
| CURLEY       |
| CURRIER      |
| CURTIS       |
| DANIELS      |
| DAVIDSON     |
| DAVIS        |
| DAY          |
| DEAN         |
| DELOACH      |
| DELUCA       |
| DELVALLE     |
| DEVORE       |
| DIAZ         |
| DIXON        |
| DOUGLAS      |
| DOUGLASS     |
| DOWD         |
| DUGGAN       |
| DUNCAN       |
| DUNN         |
| EAST         |
| EASTER       |
| EBERT        |
| EDWARDS      |
| EGGLESTON    |
| ELLINGTON    |
| ELLIOTT      |
| ELLIS        |
| ELROD        |
| ELY          |
| EMMONS       |
| ESTEP        |
| EVANS        |
| FARNSWORTH   |
| FENNELL      |
| FERGUSON     |
| FERNANDEZ    |
| FIELDS       |
| FISHER       |
| FLEMING      |
| FLETCHER     |
| FLORES       |
| FORD         |
| FORMAN       |
| FORSYTHE     |
| FORTIER      |
| FORTNER      |
| FOSTER       |
| FOUST        |
| FOWLER       |
| FOX          |
| FRALEY       |
| FRANCISCO    |
| FRANKLIN     |
| FRAZIER      |
| FREEMAN      |
| FULLER       |
| FULTZ        |
| GAFFNEY      |
| GAITHER      |
| GAMEZ        |
| GANDY        |
| GANNON       |
| GARCIA       |
| GARDINER     |
| GARDNER      |
| GARRETT      |
| GARZA        |
| GAVIN        |
| GEARY        |
| GEORGE       |
| GIBSON       |
| GILBERT      |
| GILLETTE     |
| GILLILAND    |
| GILMAN       |
| GOMEZ        |
| GONZALES     |
| GONZALEZ     |
| GOOCH        |
| GOODEN       |
| GORDON       |
| GRAF         |
| GRAHAM       |
| GRANT        |
| GRAVES       |
| GRAY         |
| GRECO        |
| GREEN        |
| GREENE       |
| GREGORY      |
| GRESHAM      |
| GREY         |
| GRIFFIN      |
| GRIGSBY      |
| GRISSOM      |
| GRUBER       |
| GUAJARDO     |
| GUILLEN      |
| GUNDERSON    |
| GUTIERREZ    |
| HALE         |
| HALL         |
| HAMILTON     |
| HANNON       |
| HANSEN       |
| HANSON       |
| HARDER       |
| HARDISON     |
| HARKINS      |
| HARPER       |
| HARRIS       |
| HARRISON     |
| HART         |
| HARVEY       |
| HAUSER       |
| HAVENS       |
| HAWKINS      |
| HAWKS        |
| HAYES        |
| HEATON       |
| HENDERSON    |
| HENNING      |
| HENRY        |
| HERNANDEZ    |
| HERRERA      |
| HERRMANN     |
| HERZOG       |
| HIATT        |
| HICKS        |
| HIDALGO      |
| HILL         |
| HITE         |
| HOFFMAN      |
| HOLLAND      |
| HOLM         |
| HOLMES       |
| HOLT         |
| HOPKINS      |
| HORTON       |
| HOULE        |
| HOWARD       |
| HOWELL       |
| HOWLAND      |
| HUDSON       |
| HUEY         |
| HUGHES       |
| HUNT         |
| HUNTER       |
| HURTADO      |
| IRBY         |
| ISBELL       |
| ISOM         |
| JACKSON      |
| JACOBS       |
| JAMES        |
| JENKINS      |
| JENNINGS     |
| JENSEN       |
| JIMENEZ      |
| JOHNSON      |
| JOHNSTON     |
| JONES        |
| JORDAN       |
| JORDON       |
| JOY          |
| JUNG         |
| KAHN         |
| KELLEY       |
| KELLY        |
| KENNEDY      |
| KENYON       |
| KIM          |
| KINDER       |
| KING         |
| KNIGHT       |
| KNOTT        |
| KOWALSKI     |
| KRAUS        |
| KRUGER       |
| LAMBERT      |
| LANCE        |
| LANE         |
| LARSON       |
| LARUE        |
| LAWRENCE     |
| LAWSON       |
| LAWTON       |
| LEE          |
| LEONE        |
| LEWIS        |
| LINTON       |
| LITTLE       |
| LOMBARDI     |
| LONG         |
| LOPEZ        |
| LOVELACE     |
| LOWE         |
| LUCAS        |
| LUMPKIN      |
| LYMAN        |
| LYNCH        |
| MACKENZIE    |
| MADRIGAL     |
| MAHAN        |
| MAHON        |
| MALCOLM      |
| MARK         |
| MARKHAM      |
| MARLOW       |
| MARSHALL     |
| MARTEL       |
| MARTIN       |
| MARTINEZ     |
| MARTINO      |
| MASON        |
| MATTHEWS     |
| MATTOX       |
| MAULDIN      |
| MAY          |
| MCADAMS      |
| MCALISTER    |
| MCCARTER     |
| MCCARTNEY    |
| MCCOY        |
| MCCRARY      |
| MCCURDY      |
| MCDONALD     |
| MCDUFFIE     |
| MCKINNEY     |
| MCWHORTER    |
| MEADOR       |
| MEDINA       |
| MEEHAN       |
| MEEK         |
| MENA         |
| MENARD       |
| MENDOZA      |
| MEYER        |
| MILAM        |
| MILES        |
| MILLARD      |
| MILLER       |
| MILLS        |
| MILNER       |
| MITCHELL     |
| MOELLER      |
| MONTGOMERY   |
| MOORE        |
| MORALES      |
| MORENO       |
| MORGAN       |
| MORRELL      |
| MORRIS       |
| MORRISON     |
| MORRISSEY    |
| MOTLEY       |
| MURPHY       |
| MURRAY       |
| MURRELL      |
| MYERS        |
| NEAL         |
| NELSON       |
| NETTLES      |
| NEUMANN      |
| NEWSOM       |
| NGO          |
| NGUYEN       |
| NICHOLS      |
| NOE          |
| NOLAND       |
| NOLEN        |
| OBRIEN       |
| OCAMPO       |
| OGLESBY      |
| OLIVARES     |
| OLIVER       |
| OLSON        |
| OLVERA       |
| ORTIZ        |
| OUTLAW       |
| OWENS        |
| PAINE        |
| PALMER       |
| PARKER       |
| PATTERSON    |
| PAYNE        |
| PEARSON      |
| PEMBERTON    |
| PENA         |
| PEREZ        |
| PERKINS      |
| PERRY        |
| PERRYMAN     |
| PETERS       |
| PETERSON     |
| PFEIFFER     |
| PHILLIPS     |
| PIERCE       |
| PINSON       |
| PITT         |
| POINDEXTER   |
| PORTER       |
| POULIN       |
| POWELL       |
| POWER        |
| PREWITT      |
| PRICE        |
| PULLEN       |
| PURDY        |
| QUALLS       |
| QUIGLEY      |
| QUINTANILLA  |
| RALSTON      |
| RAMIREZ      |
| RAMOS        |
| RAPP         |
| RATCLIFF     |
| RAY          |
| REA          |
| REED         |
| REID         |
| RENNER       |
| REYES        |
| REYNOLDS     |
| RHOADS       |
| RHODES       |
| RICE         |
| RICHARDS     |
| RICHARDSON   |
| RICKETTS     |
| RICO         |
| RILEY        |
| RINEHART     |
| RIVERA       |
| ROBB         |
| ROBERT       |
| ROBERTS      |
| ROBERTSON    |
| ROBINS       |
| ROBINSON     |
| RODRIGUEZ    |
| RODRIQUEZ    |
| ROGERS       |
| ROMERO       |
| ROSE         |
| ROSS         |
| ROUSH        |
| ROYAL        |
| RUIZ         |
| RUNYON       |
| RUSSELL      |
| RYAN         |
| SALISBURY    |
| SANBORN      |
| SANCHEZ      |
| SANDERS      |
| SATTERFIELD  |
| SAUER        |
| SCARBOROUGH  |
| SCHILLING    |
| SCHMIDT      |
| SCHOFIELD    |
| SCHRADER     |
| SCHULER      |
| SCHWAB       |
| SCHWARZ      |
| SCOTT        |
| SCROGGINS    |
| SEAL         |
| SELBY        |
| SEWARD       |
| SHANKS       |
| SHAW         |
| SHELBY       |
| SHELLEY      |
| SHELTON      |
| SHERROD      |
| SIKES        |
| SILVA        |
| SILVERMAN    |
| SIMMONS      |
| SIMPKINS     |
| SIMPSON      |
| SIMS         |
| SKIDMORE     |
| SLEDGE       |
| SLONE        |
| SMITH        |
| SNYDER       |
| SOTO         |
| SOUTH        |
| SPEAR        |
| SPENCER      |
| SPURLOCK     |
| STANFIELD    |
| STANLEY      |
| STCLAIR      |
| STEPHENS     |
| STEPP        |
| STEVENS      |
| STEWART      |
| STILL        |
| STONE        |
| SULLIVAN     |
| SUTTON       |
| SWAFFORD     |
| TALBERT      |
| TAN          |
| TAYLOR       |
| TEEL         |
| TERRY        |
| THOMAS       |
| THOMPSON     |
| THORN        |
| THRASHER     |
| TIRADO       |
| TOBIAS       |
| TOMLIN       |
| TORRES       |
| TROUT        |
| TROUTMAN     |
| TRUONG       |
| TUBBS        |
| TUCKER       |
| TURNER       |
| TURPIN       |
| VANHORN      |
| VARGAS       |
| VARNEY       |
| VASQUEZ      |
| VEST         |
| VINES        |
| VU           |
| WADE         |
| WAGGONER     |
| WAGNER       |
| WALDROP      |
| WALKER       |
| WALLACE      |
| WALTERS      |
| WARD         |
| WARREN       |
| WASHINGTON   |
| WATKINS      |
| WATSON       |
| WATTS        |
| WAUGH        |
| WAY          |
| WEAVER       |
| WEBB         |
| WEINER       |
| WELCH        |
| WELLS        |
| WEST         |
| WESTMORELAND |
| WHEAT        |
| WHEELER      |
| WHITE        |
| WHITING      |
| WILES        |
| WILLIAMS     |
| WILLIAMSON   |
| WILLIS       |
| WILSON       |
| WINDHAM      |
| WOFFORD      |
| WOOD         |
| WOODS        |
| WREN         |
| WRIGHT       |
| WYMAN        |
| YANEZ        |
| YEE          |
| YOUNG        |
+--------------+
599 rows in set (0.0348 sec)
 MySQL  localhost:3308 ssl  sakila  SQL > select distinct(first_name) from customer;
+-------------+
| first_name  |
+-------------+
| MARY        |
| PATRICIA    |
| LINDA       |
| BARBARA     |
| ELIZABETH   |
| JENNIFER    |
| MARIA       |
| SUSAN       |
| MARGARET    |
| DOROTHY     |
| LISA        |
| NANCY       |
| KAREN       |
| BETTY       |
| HELEN       |
| SANDRA      |
| DONNA       |
| CAROL       |
| RUTH        |
| SHARON      |
| MICHELLE    |
| LAURA       |
| SARAH       |
| KIMBERLY    |
| DEBORAH     |
| JESSICA     |
| SHIRLEY     |
| CYNTHIA     |
| ANGELA      |
| MELISSA     |
| BRENDA      |
| AMY         |
| ANNA        |
| REBECCA     |
| VIRGINIA    |
| KATHLEEN    |
| PAMELA      |
| MARTHA      |
| DEBRA       |
| AMANDA      |
| STEPHANIE   |
| CAROLYN     |
| CHRISTINE   |
| MARIE       |
| JANET       |
| CATHERINE   |
| FRANCES     |
| ANN         |
| JOYCE       |
| DIANE       |
| ALICE       |
| JULIE       |
| HEATHER     |
| TERESA      |
| DORIS       |
| GLORIA      |
| EVELYN      |
| JEAN        |
| CHERYL      |
| MILDRED     |
| KATHERINE   |
| JOAN        |
| ASHLEY      |
| JUDITH      |
| ROSE        |
| JANICE      |
| KELLY       |
| NICOLE      |
| JUDY        |
| CHRISTINA   |
| KATHY       |
| THERESA     |
| BEVERLY     |
| DENISE      |
| TAMMY       |
| IRENE       |
| JANE        |
| LORI        |
| RACHEL      |
| MARILYN     |
| ANDREA      |
| KATHRYN     |
| LOUISE      |
| SARA        |
| ANNE        |
| JACQUELINE  |
| WANDA       |
| BONNIE      |
| JULIA       |
| RUBY        |
| LOIS        |
| TINA        |
| PHYLLIS     |
| NORMA       |
| PAULA       |
| DIANA       |
| ANNIE       |
| LILLIAN     |
| EMILY       |
| ROBIN       |
| PEGGY       |
| CRYSTAL     |
| GLADYS      |
| RITA        |
| DAWN        |
| CONNIE      |
| FLORENCE    |
| TRACY       |
| EDNA        |
| TIFFANY     |
| CARMEN      |
| ROSA        |
| CINDY       |
| GRACE       |
| WENDY       |
| VICTORIA    |
| EDITH       |
| KIM         |
| SHERRY      |
| SYLVIA      |
| JOSEPHINE   |
| THELMA      |
| SHANNON     |
| SHEILA      |
| ETHEL       |
| ELLEN       |
| ELAINE      |
| MARJORIE    |
| CARRIE      |
| CHARLOTTE   |
| MONICA      |
| ESTHER      |
| PAULINE     |
| EMMA        |
| JUANITA     |
| ANITA       |
| RHONDA      |
| HAZEL       |
| AMBER       |
| EVA         |
| DEBBIE      |
| APRIL       |
| LESLIE      |
| CLARA       |
| LUCILLE     |
| JAMIE       |
| JOANNE      |
| ELEANOR     |
| VALERIE     |
| DANIELLE    |
| MEGAN       |
| ALICIA      |
| SUZANNE     |
| MICHELE     |
| GAIL        |
| BERTHA      |
| DARLENE     |
| VERONICA    |
| JILL        |
| ERIN        |
| GERALDINE   |
| LAUREN      |
| CATHY       |
| JOANN       |
| LORRAINE    |
| LYNN        |
| SALLY       |
| REGINA      |
| ERICA       |
| BEATRICE    |
| DOLORES     |
| BERNICE     |
| AUDREY      |
| YVONNE      |
| ANNETTE     |
| JUNE        |
| SAMANTHA    |
| MARION      |
| DANA        |
| STACY       |
| ANA         |
| RENEE       |
| IDA         |
| VIVIAN      |
| ROBERTA     |
| HOLLY       |
| BRITTANY    |
| MELANIE     |
| LORETTA     |
| YOLANDA     |
| JEANETTE    |
| LAURIE      |
| KATIE       |
| KRISTEN     |
| VANESSA     |
| ALMA        |
| SUE         |
| ELSIE       |
| BETH        |
| JEANNE      |
| VICKI       |
| CARLA       |
| TARA        |
| ROSEMARY    |
| EILEEN      |
| TERRI       |
| GERTRUDE    |
| LUCY        |
| TONYA       |
| ELLA        |
| STACEY      |
| WILMA       |
| GINA        |
| KRISTIN     |
| JESSIE      |
| NATALIE     |
| AGNES       |
| VERA        |
| WILLIE      |
| CHARLENE    |
| BESSIE      |
| DELORES     |
| MELINDA     |
| PEARL       |
| ARLENE      |
| MAUREEN     |
| COLLEEN     |
| ALLISON     |
| TAMARA      |
| JOY         |
| GEORGIA     |
| CONSTANCE   |
| LILLIE      |
| CLAUDIA     |
| JACKIE      |
| MARCIA      |
| TANYA       |
| NELLIE      |
| MINNIE      |
| MARLENE     |
| HEIDI       |
| GLENDA      |
| LYDIA       |
| VIOLA       |
| COURTNEY    |
| MARIAN      |
| STELLA      |
| CAROLINE    |
| DORA        |
| JO          |
| VICKIE      |
| MATTIE      |
| TERRY       |
| MAXINE      |
| IRMA        |
| MABEL       |
| MARSHA      |
| MYRTLE      |
| LENA        |
| CHRISTY     |
| DEANNA      |
| PATSY       |
| HILDA       |
| GWENDOLYN   |
| JENNIE      |
| NORA        |
| MARGIE      |
| NINA        |
| CASSANDRA   |
| LEAH        |
| PENNY       |
| KAY         |
| PRISCILLA   |
| NAOMI       |
| CAROLE      |
| BRANDY      |
| OLGA        |
| BILLIE      |
| DIANNE      |
| TRACEY      |
| LEONA       |
| JENNY       |
| FELICIA     |
| SONIA       |
| MIRIAM      |
| VELMA       |
| BECKY       |
| BOBBIE      |
| VIOLET      |
| KRISTINA    |
| TONI        |
| MISTY       |
| MAE         |
| SHELLY      |
| DAISY       |
| RAMONA      |
| SHERRI      |
| ERIKA       |
| JAMES       |
| JOHN        |
| ROBERT      |
| MICHAEL     |
| WILLIAM     |
| DAVID       |
| RICHARD     |
| CHARLES     |
| JOSEPH      |
| THOMAS      |
| CHRISTOPHER |
| DANIEL      |
| PAUL        |
| MARK        |
| DONALD      |
| GEORGE      |
| KENNETH     |
| STEVEN      |
| EDWARD      |
| BRIAN       |
| RONALD      |
| ANTHONY     |
| KEVIN       |
| JASON       |
| MATTHEW     |
| GARY        |
| TIMOTHY     |
| JOSE        |
| LARRY       |
| JEFFREY     |
| FRANK       |
| SCOTT       |
| ERIC        |
| STEPHEN     |
| ANDREW      |
| RAYMOND     |
| GREGORY     |
| JOSHUA      |
| JERRY       |
| DENNIS      |
| WALTER      |
| PATRICK     |
| PETER       |
| HAROLD      |
| DOUGLAS     |
| HENRY       |
| CARL        |
| ARTHUR      |
| RYAN        |
| ROGER       |
| JOE         |
| JUAN        |
| JACK        |
| ALBERT      |
| JONATHAN    |
| JUSTIN      |
| GERALD      |
| KEITH       |
| SAMUEL      |
| RALPH       |
| LAWRENCE    |
| NICHOLAS    |
| ROY         |
| BENJAMIN    |
| BRUCE       |
| BRANDON     |
| ADAM        |
| HARRY       |
| FRED        |
| WAYNE       |
| BILLY       |
| STEVE       |
| LOUIS       |
| JEREMY      |
| AARON       |
| RANDY       |
| HOWARD      |
| EUGENE      |
| CARLOS      |
| RUSSELL     |
| BOBBY       |
| VICTOR      |
| MARTIN      |
| ERNEST      |
| PHILLIP     |
| TODD        |
| JESSE       |
| CRAIG       |
| ALAN        |
| SHAWN       |
| CLARENCE    |
| SEAN        |
| PHILIP      |
| CHRIS       |
| JOHNNY      |
| EARL        |
| JIMMY       |
| ANTONIO     |
| DANNY       |
| BRYAN       |
| TONY        |
| LUIS        |
| MIKE        |
| STANLEY     |
| LEONARD     |
| NATHAN      |
| DALE        |
| MANUEL      |
| RODNEY      |
| CURTIS      |
| NORMAN      |
| ALLEN       |
| MARVIN      |
| VINCENT     |
| GLENN       |
| JEFFERY     |
| TRAVIS      |
| JEFF        |
| CHAD        |
| JACOB       |
| LEE         |
| MELVIN      |
| ALFRED      |
| KYLE        |
| FRANCIS     |
| BRADLEY     |
| JESUS       |
| HERBERT     |
| FREDERICK   |
| RAY         |
| JOEL        |
| EDWIN       |
| DON         |
| EDDIE       |
| RICKY       |
| TROY        |
| RANDALL     |
| BARRY       |
| ALEXANDER   |
| BERNARD     |
| MARIO       |
| LEROY       |
| FRANCISCO   |
| MARCUS      |
| MICHEAL     |
| THEODORE    |
| CLIFFORD    |
| MIGUEL      |
| OSCAR       |
| JAY         |
| JIM         |
| TOM         |
| CALVIN      |
| ALEX        |
| JON         |
| RONNIE      |
| BILL        |
| LLOYD       |
| TOMMY       |
| LEON        |
| DEREK       |
| WARREN      |
| DARRELL     |
| JEROME      |
| FLOYD       |
| LEO         |
| ALVIN       |
| TIM         |
| WESLEY      |
| GORDON      |
| DEAN        |
| GREG        |
| JORGE       |
| DUSTIN      |
| PEDRO       |
| DERRICK     |
| DAN         |
| LEWIS       |
| ZACHARY     |
| COREY       |
| HERMAN      |
| MAURICE     |
| VERNON      |
| ROBERTO     |
| CLYDE       |
| GLEN        |
| HECTOR      |
| SHANE       |
| RICARDO     |
| SAM         |
| RICK        |
| LESTER      |
| BRENT       |
| RAMON       |
| CHARLIE     |
| TYLER       |
| GILBERT     |
| GENE        |
| MARC        |
| REGINALD    |
| RUBEN       |
| BRETT       |
| ANGEL       |
| NATHANIEL   |
| RAFAEL      |
| EDGAR       |
| MILTON      |
| RAUL        |
| BEN         |
| CHESTER     |
| CECIL       |
| DUANE       |
| FRANKLIN    |
| ANDRE       |
| ELMER       |
| BRAD        |
| GABRIEL     |
| RON         |
| MITCHELL    |
| ROLAND      |
| ARNOLD      |
| HARVEY      |
| JARED       |
| ADRIAN      |
| KARL        |
| CORY        |
| CLAUDE      |
| ERIK        |
| DARRYL      |
| NEIL        |
| CHRISTIAN   |
| JAVIER      |
| FERNANDO    |
| CLINTON     |
| TED         |
| MATHEW      |
| TYRONE      |
| DARREN      |
| LONNIE      |
| LANCE       |
| CODY        |
| JULIO       |
| KURT        |
| ALLAN       |
| NELSON      |
| GUY         |
| CLAYTON     |
| HUGH        |
| MAX         |
| DWAYNE      |
| DWIGHT      |
| ARMANDO     |
| FELIX       |
| JIMMIE      |
| EVERETT     |
| JORDAN      |
| IAN         |
| WALLACE     |
| KEN         |
| BOB         |
| JAIME       |
| CASEY       |
| ALFREDO     |
| ALBERTO     |
| DAVE        |
| IVAN        |
| JOHNNIE     |
| SIDNEY      |
| BYRON       |
| JULIAN      |
| ISAAC       |
| MORRIS      |
| CLIFTON     |
| WILLARD     |
| DARYL       |
| ROSS        |
| VIRGIL      |
| ANDY        |
| MARSHALL    |
| SALVADOR    |
| PERRY       |
| KIRK        |
| SERGIO      |
| SETH        |
| KENT        |
| TERRANCE    |
| RENE        |
| EDUARDO     |
| TERRENCE    |
| ENRIQUE     |
| FREDDIE     |
| WADE        |
| AUSTIN      |
+-------------+
591 rows in set (0.0044 sec)
 MySQL  localhost:3308 ssl  sakila  SQL > select distinct(first_name) from actor;
+-------------+
| first_name  |
+-------------+
| PENELOPE    |
| NICK        |
| ED          |
| JENNIFER    |
| JOHNNY      |
| BETTE       |
| GRACE       |
| MATTHEW     |
| JOE         |
| CHRISTIAN   |
| ZERO        |
| KARL        |
| UMA         |
| VIVIEN      |
| CUBA        |
| FRED        |
| HELEN       |
| DAN         |
| BOB         |
| LUCILLE     |
| KIRSTEN     |
| ELVIS       |
| SANDRA      |
| CAMERON     |
| KEVIN       |
| RIP         |
| JULIA       |
| WOODY       |
| ALEC        |
| SISSY       |
| TIM         |
| MILLA       |
| AUDREY      |
| JUDY        |
| BURT        |
| VAL         |
| TOM         |
| GOLDIE      |
| JODIE       |
| KIRK        |
| REESE       |
| PARKER      |
| FRANCES     |
| ANNE        |
| NATALIE     |
| GARY        |
| CARMEN      |
| MENA        |
| FAY         |
| JUDE        |
| DUSTIN      |
| HENRY       |
| JAYNE       |
| RAY         |
| ANGELA      |
| MARY        |
| JESSICA     |
| KENNETH     |
| MICHELLE    |
| ADAM        |
| SEAN        |
| ANGELINA    |
| CARY        |
| GROUCHO     |
| MAE         |
| RALPH       |
| SCARLETT    |
| BEN         |
| JAMES       |
| MINNIE      |
| GREG        |
| SPENCER     |
| CHARLIZE    |
| CHRISTOPHER |
| ELLEN       |
| DARYL       |
| GENE        |
| MEG         |
| CHRIS       |
| JIM         |
| SUSAN       |
| WALTER      |
| SIDNEY      |
| GINA        |
| WARREN      |
| SYLVESTER   |
| RUSSELL     |
| MORGAN      |
| HARRISON    |
| RENEE       |
| LIZA        |
| SALMA       |
| JULIANNE    |
| ALBERT      |
| CATE        |
| GRETA       |
| JANE        |
| RICHARD     |
| RITA        |
| EWAN        |
| WHOOPI      |
| JADA        |
| RIVER       |
| KIM         |
| EMILY       |
| GEOFFREY    |
| MERYL       |
| IAN         |
| LAURA       |
| HARVEY      |
| OPRAH       |
| HUMPHREY    |
| AL          |
| LAURENCE    |
| WILL        |
| OLYMPIA     |
| ALAN        |
| MICHAEL     |
| WILLIAM     |
| JON         |
| LISA        |
| JEFF        |
| DEBBIE      |
| ROCK        |
| GREGORY     |
| JOHN        |
| BELA        |
| THORA       |
+-------------+
128 rows in set (0.0267 sec)
 MySQL  localhost:3308 ssl  sakila  SQL > select distinct(first_name) from customer
                                       -> union
                                       -> select distinct(first_name) from actor;
+-------------+
| first_name  |
+-------------+
| MARY        |
| PATRICIA    |
| LINDA       |
| BARBARA     |
| ELIZABETH   |
| JENNIFER    |
| MARIA       |
| SUSAN       |
| MARGARET    |
| DOROTHY     |
| LISA        |
| NANCY       |
| KAREN       |
| BETTY       |
| HELEN       |
| SANDRA      |
| DONNA       |
| CAROL       |
| RUTH        |
| SHARON      |
| MICHELLE    |
| LAURA       |
| SARAH       |
| KIMBERLY    |
| DEBORAH     |
| JESSICA     |
| SHIRLEY     |
| CYNTHIA     |
| ANGELA      |
| MELISSA     |
| BRENDA      |
| AMY         |
| ANNA        |
| REBECCA     |
| VIRGINIA    |
| KATHLEEN    |
| PAMELA      |
| MARTHA      |
| DEBRA       |
| AMANDA      |
| STEPHANIE   |
| CAROLYN     |
| CHRISTINE   |
| MARIE       |
| JANET       |
| CATHERINE   |
| FRANCES     |
| ANN         |
| JOYCE       |
| DIANE       |
| ALICE       |
| JULIE       |
| HEATHER     |
| TERESA      |
| DORIS       |
| GLORIA      |
| EVELYN      |
| JEAN        |
| CHERYL      |
| MILDRED     |
| KATHERINE   |
| JOAN        |
| ASHLEY      |
| JUDITH      |
| ROSE        |
| JANICE      |
| KELLY       |
| NICOLE      |
| JUDY        |
| CHRISTINA   |
| KATHY       |
| THERESA     |
| BEVERLY     |
| DENISE      |
| TAMMY       |
| IRENE       |
| JANE        |
| LORI        |
| RACHEL      |
| MARILYN     |
| ANDREA      |
| KATHRYN     |
| LOUISE      |
| SARA        |
| ANNE        |
| JACQUELINE  |
| WANDA       |
| BONNIE      |
| JULIA       |
| RUBY        |
| LOIS        |
| TINA        |
| PHYLLIS     |
| NORMA       |
| PAULA       |
| DIANA       |
| ANNIE       |
| LILLIAN     |
| EMILY       |
| ROBIN       |
| PEGGY       |
| CRYSTAL     |
| GLADYS      |
| RITA        |
| DAWN        |
| CONNIE      |
| FLORENCE    |
| TRACY       |
| EDNA        |
| TIFFANY     |
| CARMEN      |
| ROSA        |
| CINDY       |
| GRACE       |
| WENDY       |
| VICTORIA    |
| EDITH       |
| KIM         |
| SHERRY      |
| SYLVIA      |
| JOSEPHINE   |
| THELMA      |
| SHANNON     |
| SHEILA      |
| ETHEL       |
| ELLEN       |
| ELAINE      |
| MARJORIE    |
| CARRIE      |
| CHARLOTTE   |
| MONICA      |
| ESTHER      |
| PAULINE     |
| EMMA        |
| JUANITA     |
| ANITA       |
| RHONDA      |
| HAZEL       |
| AMBER       |
| EVA         |
| DEBBIE      |
| APRIL       |
| LESLIE      |
| CLARA       |
| LUCILLE     |
| JAMIE       |
| JOANNE      |
| ELEANOR     |
| VALERIE     |
| DANIELLE    |
| MEGAN       |
| ALICIA      |
| SUZANNE     |
| MICHELE     |
| GAIL        |
| BERTHA      |
| DARLENE     |
| VERONICA    |
| JILL        |
| ERIN        |
| GERALDINE   |
| LAUREN      |
| CATHY       |
| JOANN       |
| LORRAINE    |
| LYNN        |
| SALLY       |
| REGINA      |
| ERICA       |
| BEATRICE    |
| DOLORES     |
| BERNICE     |
| AUDREY      |
| YVONNE      |
| ANNETTE     |
| JUNE        |
| SAMANTHA    |
| MARION      |
| DANA        |
| STACY       |
| ANA         |
| RENEE       |
| IDA         |
| VIVIAN      |
| ROBERTA     |
| HOLLY       |
| BRITTANY    |
| MELANIE     |
| LORETTA     |
| YOLANDA     |
| JEANETTE    |
| LAURIE      |
| KATIE       |
| KRISTEN     |
| VANESSA     |
| ALMA        |
| SUE         |
| ELSIE       |
| BETH        |
| JEANNE      |
| VICKI       |
| CARLA       |
| TARA        |
| ROSEMARY    |
| EILEEN      |
| TERRI       |
| GERTRUDE    |
| LUCY        |
| TONYA       |
| ELLA        |
| STACEY      |
| WILMA       |
| GINA        |
| KRISTIN     |
| JESSIE      |
| NATALIE     |
| AGNES       |
| VERA        |
| WILLIE      |
| CHARLENE    |
| BESSIE      |
| DELORES     |
| MELINDA     |
| PEARL       |
| ARLENE      |
| MAUREEN     |
| COLLEEN     |
| ALLISON     |
| TAMARA      |
| JOY         |
| GEORGIA     |
| CONSTANCE   |
| LILLIE      |
| CLAUDIA     |
| JACKIE      |
| MARCIA      |
| TANYA       |
| NELLIE      |
| MINNIE      |
| MARLENE     |
| HEIDI       |
| GLENDA      |
| LYDIA       |
| VIOLA       |
| COURTNEY    |
| MARIAN      |
| STELLA      |
| CAROLINE    |
| DORA        |
| JO          |
| VICKIE      |
| MATTIE      |
| TERRY       |
| MAXINE      |
| IRMA        |
| MABEL       |
| MARSHA      |
| MYRTLE      |
| LENA        |
| CHRISTY     |
| DEANNA      |
| PATSY       |
| HILDA       |
| GWENDOLYN   |
| JENNIE      |
| NORA        |
| MARGIE      |
| NINA        |
| CASSANDRA   |
| LEAH        |
| PENNY       |
| KAY         |
| PRISCILLA   |
| NAOMI       |
| CAROLE      |
| BRANDY      |
| OLGA        |
| BILLIE      |
| DIANNE      |
| TRACEY      |
| LEONA       |
| JENNY       |
| FELICIA     |
| SONIA       |
| MIRIAM      |
| VELMA       |
| BECKY       |
| BOBBIE      |
| VIOLET      |
| KRISTINA    |
| TONI        |
| MISTY       |
| MAE         |
| SHELLY      |
| DAISY       |
| RAMONA      |
| SHERRI      |
| ERIKA       |
| JAMES       |
| JOHN        |
| ROBERT      |
| MICHAEL     |
| WILLIAM     |
| DAVID       |
| RICHARD     |
| CHARLES     |
| JOSEPH      |
| THOMAS      |
| CHRISTOPHER |
| DANIEL      |
| PAUL        |
| MARK        |
| DONALD      |
| GEORGE      |
| KENNETH     |
| STEVEN      |
| EDWARD      |
| BRIAN       |
| RONALD      |
| ANTHONY     |
| KEVIN       |
| JASON       |
| MATTHEW     |
| GARY        |
| TIMOTHY     |
| JOSE        |
| LARRY       |
| JEFFREY     |
| FRANK       |
| SCOTT       |
| ERIC        |
| STEPHEN     |
| ANDREW      |
| RAYMOND     |
| GREGORY     |
| JOSHUA      |
| JERRY       |
| DENNIS      |
| WALTER      |
| PATRICK     |
| PETER       |
| HAROLD      |
| DOUGLAS     |
| HENRY       |
| CARL        |
| ARTHUR      |
| RYAN        |
| ROGER       |
| JOE         |
| JUAN        |
| JACK        |
| ALBERT      |
| JONATHAN    |
| JUSTIN      |
| GERALD      |
| KEITH       |
| SAMUEL      |
| RALPH       |
| LAWRENCE    |
| NICHOLAS    |
| ROY         |
| BENJAMIN    |
| BRUCE       |
| BRANDON     |
| ADAM        |
| HARRY       |
| FRED        |
| WAYNE       |
| BILLY       |
| STEVE       |
| LOUIS       |
| JEREMY      |
| AARON       |
| RANDY       |
| HOWARD      |
| EUGENE      |
| CARLOS      |
| RUSSELL     |
| BOBBY       |
| VICTOR      |
| MARTIN      |
| ERNEST      |
| PHILLIP     |
| TODD        |
| JESSE       |
| CRAIG       |
| ALAN        |
| SHAWN       |
| CLARENCE    |
| SEAN        |
| PHILIP      |
| CHRIS       |
| JOHNNY      |
| EARL        |
| JIMMY       |
| ANTONIO     |
| DANNY       |
| BRYAN       |
| TONY        |
| LUIS        |
| MIKE        |
| STANLEY     |
| LEONARD     |
| NATHAN      |
| DALE        |
| MANUEL      |
| RODNEY      |
| CURTIS      |
| NORMAN      |
| ALLEN       |
| MARVIN      |
| VINCENT     |
| GLENN       |
| JEFFERY     |
| TRAVIS      |
| JEFF        |
| CHAD        |
| JACOB       |
| LEE         |
| MELVIN      |
| ALFRED      |
| KYLE        |
| FRANCIS     |
| BRADLEY     |
| JESUS       |
| HERBERT     |
| FREDERICK   |
| RAY         |
| JOEL        |
| EDWIN       |
| DON         |
| EDDIE       |
| RICKY       |
| TROY        |
| RANDALL     |
| BARRY       |
| ALEXANDER   |
| BERNARD     |
| MARIO       |
| LEROY       |
| FRANCISCO   |
| MARCUS      |
| MICHEAL     |
| THEODORE    |
| CLIFFORD    |
| MIGUEL      |
| OSCAR       |
| JAY         |
| JIM         |
| TOM         |
| CALVIN      |
| ALEX        |
| JON         |
| RONNIE      |
| BILL        |
| LLOYD       |
| TOMMY       |
| LEON        |
| DEREK       |
| WARREN      |
| DARRELL     |
| JEROME      |
| FLOYD       |
| LEO         |
| ALVIN       |
| TIM         |
| WESLEY      |
| GORDON      |
| DEAN        |
| GREG        |
| JORGE       |
| DUSTIN      |
| PEDRO       |
| DERRICK     |
| DAN         |
| LEWIS       |
| ZACHARY     |
| COREY       |
| HERMAN      |
| MAURICE     |
| VERNON      |
| ROBERTO     |
| CLYDE       |
| GLEN        |
| HECTOR      |
| SHANE       |
| RICARDO     |
| SAM         |
| RICK        |
| LESTER      |
| BRENT       |
| RAMON       |
| CHARLIE     |
| TYLER       |
| GILBERT     |
| GENE        |
| MARC        |
| REGINALD    |
| RUBEN       |
| BRETT       |
| ANGEL       |
| NATHANIEL   |
| RAFAEL      |
| EDGAR       |
| MILTON      |
| RAUL        |
| BEN         |
| CHESTER     |
| CECIL       |
| DUANE       |
| FRANKLIN    |
| ANDRE       |
| ELMER       |
| BRAD        |
| GABRIEL     |
| RON         |
| MITCHELL    |
| ROLAND      |
| ARNOLD      |
| HARVEY      |
| JARED       |
| ADRIAN      |
| KARL        |
| CORY        |
| CLAUDE      |
| ERIK        |
| DARRYL      |
| NEIL        |
| CHRISTIAN   |
| JAVIER      |
| FERNANDO    |
| CLINTON     |
| TED         |
| MATHEW      |
| TYRONE      |
| DARREN      |
| LONNIE      |
| LANCE       |
| CODY        |
| JULIO       |
| KURT        |
| ALLAN       |
| NELSON      |
| GUY         |
| CLAYTON     |
| HUGH        |
| MAX         |
| DWAYNE      |
| DWIGHT      |
| ARMANDO     |
| FELIX       |
| JIMMIE      |
| EVERETT     |
| JORDAN      |
| IAN         |
| WALLACE     |
| KEN         |
| BOB         |
| JAIME       |
| CASEY       |
| ALFREDO     |
| ALBERTO     |
| DAVE        |
| IVAN        |
| JOHNNIE     |
| SIDNEY      |
| BYRON       |
| JULIAN      |
| ISAAC       |
| MORRIS      |
| CLIFTON     |
| WILLARD     |
| DARYL       |
| ROSS        |
| VIRGIL      |
| ANDY        |
| MARSHALL    |
| SALVADOR    |
| PERRY       |
| KIRK        |
| SERGIO      |
| SETH        |
| KENT        |
| TERRANCE    |
| RENE        |
| EDUARDO     |
| TERRENCE    |
| ENRIQUE     |
| FREDDIE     |
| WADE        |
| AUSTIN      |
| PENELOPE    |
| NICK        |
| ED          |
| BETTE       |
| ZERO        |
| UMA         |
| VIVIEN      |
| CUBA        |
| KIRSTEN     |
| ELVIS       |
| CAMERON     |
| RIP         |
| WOODY       |
| ALEC        |
| SISSY       |
| MILLA       |
| BURT        |
| VAL         |
| GOLDIE      |
| JODIE       |
| REESE       |
| PARKER      |
| MENA        |
| FAY         |
| JUDE        |
| JAYNE       |
| ANGELINA    |
| CARY        |
| GROUCHO     |
| SCARLETT    |
| SPENCER     |
| CHARLIZE    |
| MEG         |
| SYLVESTER   |
| MORGAN      |
| HARRISON    |
| LIZA        |
| SALMA       |
| JULIANNE    |
| CATE        |
| GRETA       |
| EWAN        |
| WHOOPI      |
| JADA        |
| RIVER       |
| GEOFFREY    |
| MERYL       |
| OPRAH       |
| HUMPHREY    |
| AL          |
| LAURENCE    |
| WILL        |
| OLYMPIA     |
| ROCK        |
| BELA        |
| THORA       |
+-------------+
647 rows in set (0.0030 sec)
 MySQL  localhost:3308 ssl  sakila  SQL > show tables;
+----------------------------+
| Tables_in_sakila           |
+----------------------------+
| actor                      |
| actor_info                 |
| address                    |
| category                   |
| city                       |
| country                    |
| customer                   |
| customer_list              |
| film                       |
| film_actor                 |
| film_category              |
| film_list                  |
| film_text                  |
| inventory                  |
| language                   |
| nicer_but_slower_film_list |
| payment                    |
| rental                     |
| sales_by_film_category     |
| sales_by_store             |
| staff                      |
| staff_list                 |
| store                      |
+----------------------------+
23 rows in set (0.0028 sec)
 MySQL  localhost:3308 ssl  sakila  SQL > \eva_2
Unknown command: '\eva_2'
 MySQL  localhost:3308 ssl  sakila  SQL > \use eva_2
Default schema set to `eva_2`.
Fetching global names, object names from `eva_2` for auto-completion... Press ^C to stop.
 MySQL  localhost:3308 ssl  eva_2  SQL > select * from tablaa;
+----+--------+
| id | nombre |
+----+--------+
|  1 | A      |
|  2 | B      |
|  3 | C      |
|  4 | D      |
+----+--------+
4 rows in set (0.0009 sec)
 MySQL  localhost:3308 ssl  eva_2  SQL > select * from tablab;
+----+--------+
| id | nombre |
+----+--------+
|  1 | X      |
|  2 | Y      |
|  3 | Z      |
|  4 | A      |
|  5 | B      |
+----+--------+
5 rows in set (0.0008 sec)
 MySQL  localhost:3308 ssl  eva_2  SQL > select * from tablaa
                                      -> union
                                      -> select * from tablab;
+----+--------+
| id | nombre |
+----+--------+
|  1 | A      |
|  2 | B      |
|  3 | C      |
|  4 | D      |
|  1 | X      |
|  2 | Y      |
|  3 | Z      |
|  4 | A      |
|  5 | B      |
+----+--------+
9 rows in set (0.0015 sec)
 MySQL  localhost:3308 ssl  eva_2  SQL > select * from tablaa
                                      -> intersect
                                      -> select * from tablab;
Empty set (0.0009 sec)
 MySQL  localhost:3308 ssl  eva_2  SQL > select nombre from tablaa
                                      -> intersect
                                      -> select nombre from tablab;
+--------+
| nombre |
+--------+
| A      |
| B      |
+--------+
2 rows in set (0.0011 sec)
 MySQL  localhost:3308 ssl  eva_2  SQL > select * from tablaa
                                      -> where nombre in (
                                      -> select nombre from tablab);
+----+--------+
| id | nombre |
+----+--------+
|  1 | A      |
|  2 | B      |
+----+--------+
2 rows in set (0.0012 sec)
 MySQL  localhost:3308 ssl  eva_2  SQL > select * from tablaa
                                      -> where nombre in (
                                      -> select distinct(nombre) from tablab);
+----+--------+
| id | nombre |
+----+--------+
|  1 | A      |
|  2 | B      |
+----+--------+
2 rows in set (0.0017 sec)
 MySQL  localhost:3308 ssl  eva_2  SQL > select * from tablaa
                                      -> where nombre not in (
                                      -> select distinct(nombre) from tablab);
+----+--------+
| id | nombre |
+----+--------+
|  3 | C      |
|  4 | D      |
+----+--------+
2 rows in set (0.0013 sec)
 MySQL  localhost:3308 ssl  eva_2  SQL >